// Jest Snapshot v1, https://goo.gl/fbAQLP

exports[`MessageForm component renders correctly 1`] = `
<form
  className="rounded-3xl bg-gray-100 dark:bg-gray-700 w-128 overflow-hidden shadow-lg relative"
>
  <div
    className="flex flex-row w-full h-2"
  >
    <div
      className="basis-1/4 bg-gray-300 dark:bg-gray-800"
    />
    <div
      className="basis-3/4 bg-gray-100 dark:bg-gray-700"
    />
  </div>
  <label
    className="flex flex-row w-full"
    htmlFor="form-title"
  >
    <div
      className="bg-gray-300 text-gray-800 dark:bg-gray-800 dark:text-gray-200 flex shrink-0 font-bold text-left w-full sm:text-right sm:basis-1/4 p-2"
    >
      <span
        className="my-auto w-full"
      >
        title
      </span>
    </div>
    <div
      className="w-full m-2 mr-4 basis-3/4 flex"
    >
      <input
        className="outline-none active:outline-none focus:outline-none ring-0 active:ring-0 focus:ring-0 bg-white text-gray-800 border-gray-300 active:border-gray-500 focus:border-gray-400 dark:bg-gray-800 dark:text-gray-200 dark:border-gray-600 dark:active:border-gray-400 dark:focus:border-gray-500 w-full rounded-md border-2 text-xl font-bold w-full p-1"
        id="form-title"
        onChange={[Function]}
        type="text"
        value=""
      />
    </div>
  </label>
  <label
    className="flex flex-row w-full"
    htmlFor="form-subtitle"
  >
    <div
      className="bg-gray-300 text-gray-800 dark:bg-gray-800 dark:text-gray-200 flex shrink-0 font-bold text-left w-full sm:text-right sm:basis-1/4 p-2"
    >
      <span
        className="my-auto w-full"
      >
        subtitle
      </span>
    </div>
    <div
      className="w-full m-2 mr-4 basis-3/4 flex"
    >
      <input
        className="outline-none active:outline-none focus:outline-none ring-0 active:ring-0 focus:ring-0 bg-white text-gray-800 border-gray-300 active:border-gray-500 focus:border-gray-400 dark:bg-gray-800 dark:text-gray-200 dark:border-gray-600 dark:active:border-gray-400 dark:focus:border-gray-500 w-full rounded-md border-2  w-full p-1"
        id="form-subtitle"
        onChange={[Function]}
        type="text"
        value=""
      />
    </div>
  </label>
  <label
    className="flex flex-row w-full"
    htmlFor="form-body"
  >
    <div
      className="bg-gray-300 text-gray-800 dark:bg-gray-800 dark:text-gray-200 flex shrink-0 font-bold text-left w-full sm:text-right sm:basis-1/4 p-2"
    >
      <span
        className="mb-auto mt-1 w-full"
      >
        body
      </span>
    </div>
    <div
      className="w-full m-2 mr-4 basis-3/4 flex"
    >
      <textarea
        className="outline-none active:outline-none focus:outline-none ring-0 active:ring-0 focus:ring-0 bg-white text-gray-800 border-gray-300 active:border-gray-500 focus:border-gray-400 dark:bg-gray-800 dark:text-gray-200 dark:border-gray-600 dark:active:border-gray-400 dark:focus:border-gray-500 w-full rounded-md border-2 w-full p-1 min-h-9 max-h-48"
        id="form-body"
        onChange={[Function]}
        value=""
      />
    </div>
  </label>
  <label
    className="flex flex-row w-full"
    htmlFor="form-username"
  >
    <div
      className="bg-gray-300 text-gray-800 dark:bg-gray-800 dark:text-gray-200 flex shrink-0 font-bold text-left w-full sm:text-right sm:basis-1/4 p-2"
    >
      <span
        className="my-auto w-full"
      >
        username
      </span>
    </div>
    <div
      className="w-full m-2 mr-4 basis-3/4 flex"
    >
      <input
        className="outline-none active:outline-none focus:outline-none ring-0 active:ring-0 focus:ring-0 bg-white text-gray-800 border-gray-300 active:border-gray-500 focus:border-gray-400 dark:bg-gray-800 dark:text-gray-200 dark:border-gray-600 dark:active:border-gray-400 dark:focus:border-gray-500 w-full rounded-md border-2  w-full p-1"
        id="form-username"
        onChange={[Function]}
        type="text"
        value=""
      />
    </div>
  </label>
  <div
    className="w-full flex flex-row"
  >
    <div
      className="bg-gray-300 text-gray-800 dark:bg-gray-800 dark:text-gray-200 flex shrink-0 font-bold text-left w-full sm:text-right sm:basis-1/4 p-2"
    >
      <span
        className="my-auto w-full"
      >
        icon
      </span>
    </div>
    <div
      className="w-full m-2 mr-4 basis-3/4 flex"
    >
      <div
        className="my-auto h-12 w-12 rounded-full overflow-clip overflow-hidden inline-block cursor-default"
      >
        <svg
          viewBox="0 0 1 1"
        >
          <rect
            fill="#111827"
            height={1}
            width={1}
          />
          <text
            dy="0.178"
            fill="#FFF"
            style={
              Object {
                "fontFamily": "Inter",
                "fontSize": 0.5,
                "fontWeight": "bold",
              }
            }
            textAnchor="middle"
            x={0.5}
            y={0.5}
          >
            
          </text>
        </svg>
      </div>
      <div
        className="flex flex-row h-full ml-auto"
      >
        <button
          className="my-auto"
          onClick={[Function]}
          type="button"
        >
          <svg
            className="text-gray-500 dark:text-gray-400"
            fill="none"
            height={24}
            stroke="currentColor"
            strokeLinecap="round"
            strokeLinejoin="round"
            strokeWidth="2"
            viewBox="0 0 24 24"
            width={24}
            xmlns="http://www.w3.org/2000/svg"
          >
            <polyline
              points="3 6 5 6 21 6"
            />
            <path
              d="M19 6v14a2 2 0 0 1-2 2H7a2 2 0 0 1-2-2V6m3 0V4a2 2 0 0 1 2-2h4a2 2 0 0 1 2 2v2"
            />
            <line
              x1="10"
              x2="10"
              y1="11"
              y2="17"
            />
            <line
              x1="14"
              x2="14"
              y1="11"
              y2="17"
            />
          </svg>
        </button>
        <button
          className="my-auto ml-4 flex w-14 h-14 rounded-full bg-gray-700 dark:bg-gray-400"
          onClick={[Function]}
          type="submit"
        >
          <svg
            className="text-gray-100 dark:text-gray-600 m-auto -translate-x-px translate-y-px"
            fill="none"
            height={24}
            stroke="currentColor"
            strokeLinecap="round"
            strokeLinejoin="round"
            strokeWidth="2"
            viewBox="0 0 24 24"
            width={24}
            xmlns="http://www.w3.org/2000/svg"
          >
            <line
              x1="22"
              x2="11"
              y1="2"
              y2="13"
            />
            <polygon
              points="22 2 15 22 11 13 2 9 22 2"
            />
          </svg>
        </button>
      </div>
    </div>
  </div>
  <div
    className="flex flex-row w-full h-2"
  >
    <div
      className="basis-1/4 bg-gray-300 dark:bg-gray-800"
    />
    <div
      className="basis-3/4 bg-gray-100 dark:bg-gray-700"
    />
  </div>
</form>
`;
